some temp data